Resolving dependencies...
Downloading packages...
  _flutterfire_internals 1.3.59 (1.3.72 available)
  cli_util 0.4.2 (0.5.1 available)
  cloud_firestore 5.6.12 (6.5.0 available)
  cloud_firestore_platform_interface 6.6.12 (8.0.2 available)
  cloud_firestore_web 4.4.12 (5.5.0 available)
  code_assets 1.2.0 (1.2.1 available)
  dbus 0.7.13 (0.7.14 available)
  firebase_auth 5.7.0 (6.5.2 available)
  firebase_auth_platform_interface 7.7.3 (9.0.2 available)
  firebase_auth_web 5.15.3 (6.2.2 available)
  firebase_core 3.15.2 (4.10.0 available)
  firebase_core_platform_interface 6.0.3 (7.0.1 available)
  firebase_core_web 2.24.1 (3.8.0 available)
  fl_chart 0.69.2 (1.2.0 available)
  flutter_local_notifications 18.0.1 (22.0.0 available)
  flutter_local_notifications_linux 5.0.0 (8.0.1 available)
  flutter_local_notifications_platform_interface 8.0.0 (12.0.0 available)
  flutter_riverpod 2.6.1 (3.3.2 available)
  google_fonts 6.3.3 (8.1.0 available)
  hooks 2.0.0 (2.0.2 available)
  in_app_purchase 3.2.3 (3.3.0 available)
  in_app_purchase_android 0.4.0+11 (0.5.0+2 available)
  in_app_purchase_platform_interface 1.4.0 (1.4.1 available)
  in_app_purchase_storekit 0.4.9 (0.4.10 available)
  intl 0.19.0 (0.20.2 available)
  matcher 0.12.19 (0.12.20 available)
  meta 1.17.0 (1.18.3 available)
  package_config 2.2.0 (3.0.0 available)
  riverpod 2.6.1 (3.3.2 available)
  shared_preferences_android 2.4.23 (2.4.26 available)
  test_api 0.7.10 (0.7.12 available)
  timezone 0.9.4 (0.11.0 available)
  vector_math 2.2.0 (2.4.0 available)
Got dependencies!
33 packages have newer versions incompatible with dependency constraints.
Try `flutter pub outdated` for more information.
Creating symlink from C:\\Users\\Administrator\\AppData\\Local\\Pub\\Cache\\hosted\\pub.dev\\cloud_firestore-5.6.12\\ to G:\マイドライブ\apps\eigo-kore\windows\flutter\ephemeral\.plugin_symlinks\cloud_firestore failed with ERROR_INVALID_FUNCTION. Try moving your Flutter project to the same drive as your Flutter SDK.
