Flutter crash report.
Please report a bug at https://github.com/flutter/flutter/issues.

## command

flutter --quiet assemble --no-version-check --depfile H:\マイドライブ\apps\eigo-kore\build\app\intermediates\flutter\debug/flutter_build.d --output H:\マイドライブ\apps\eigo-kore\build\app\intermediates\flutter\debug -dTargetFile=lib\main.dart -dTargetPlatform=android -dBuildMode=debug -dTrackWidgetCreation=true --DartDefines=RkxVVFRFUl9CVUlMRF9OQU1FPTMuMS4w,RkxVVFRFUl9CVUlMRF9OVU1CRVI9MQ==,RkxVVFRFUl9WRVJTSU9OPTMuNDcuMg==,RkxVVFRFUl9DSEFOTkVMPXN0YWJsZQ==,RkxVVFRFUl9HSVRfVVJMPWh0dHBzOi8vZ2l0aHViLmNvbS9mbHV0dGVyL2ZsdXR0ZXIuZ2l0,RkxVVFRFUl9GUkFNRVdPUktfUkVWSVNJT049ZDNiMTRjODc2OQ==,RkxVVFRFUl9FTkdJTkVfUkVWSVNJT049YTgwNGIyNjE2NA==,RkxVVFRFUl9EQVJUX1ZFUlNJT049My4xMy4y -dFlavor= -dAndroidArchs=android-arm64 -dMinSdkVersion=24 debug_android_application

## exception

RangeError: RangeError (end): Invalid value: Not in inclusive range 0..89: -1

```
#0      RangeError.checkValidRange (dart:core/errors.dart:392:9)
#1      _StringBase.substring (dart:core-patch/string_patch.dart:437:27)
#2      parseDepFileInputs (package:hooks_runner/src/build_runner/build_runner.dart:1249:27)
#3      _readDepFile (package:hooks_runner/src/build_runner/build_runner.dart:1286:23)
<asynchronous suspension>
#4      NativeAssetsBuildRunner._compileHookForPackageCached.<anonymous closure> (package:hooks_runner/src/build_runner/build_runner.dart:846:27)
<asynchronous suspension>
#5      NativeAssetsBuildRunner._timeAsync (package:hooks_runner/src/build_runner/build_runner.dart:1189:14)
<asynchronous suspension>
#6      NativeAssetsBuildRunner._runHookForPackageCached.<anonymous closure>.<anonymous closure> (package:hooks_runner/src/build_runner/build_runner.dart:457:35)
<asynchronous suspension>
#7      runUnderDirectoriesLock (package:hooks_runner/src/locking/locking.dart:19:12)
<asynchronous suspension>
#8      _runUnderFileLock (package:hooks_runner/src/locking/locking.dart:101:18)
<asynchronous suspension>
#9      runUnderDirectoriesLock (package:hooks_runner/src/locking/locking.dart:21:10)
<asynchronous suspension>
#10     _runUnderFileLock (package:hooks_runner/src/locking/locking.dart:101:18)
<asynchronous suspension>
#11     runUnderDirectoriesLock (package:hooks_runner/src/locking/locking.dart:21:10)
<asynchronous suspension>
#12     NativeAssetsBuildRunner._runHookForPackageCached.<anonymous closure> (package:hooks_runner/src/build_runner/build_runner.dart:448:17)
<asynchronous suspension>
#13     NativeAssetsBuildRunner._timeAsync (package:hooks_runner/src/build_runner/build_runner.dart:1189:14)
<asynchronous suspension>
#14     NativeAssetsBuildRunner.build.<anonymous closure> (package:hooks_runner/src/build_runner/build_runner.dart:198:22)
<asynchronous suspension>
#15     NativeAssetsBuildRunner._timeAsync (package:hooks_runner/src/build_runner/build_runner.dart:1189:14)
<asynchronous suspension>
#16     FlutterNativeAssetsBuildRunnerImpl.build (package:flutter_tools/src/isolated/native_assets/native_assets.dart:616:60)
<asynchronous suspension>
#17     _build (package:flutter_tools/src/isolated/native_assets/native_assets.dart:910:36)
<asynchronous suspension>
#18     runFlutterSpecificBuildHooks (package:flutter_tools/src/isolated/native_assets/native_assets.dart:192:37)
<asynchronous suspension>
#19     BuildHooks.build (package:flutter_tools/src/build_system/targets/native_assets.dart:62:9)
<asynchronous suspension>
#20     _BuildInstance._invokeInternal (package:flutter_tools/src/build_system/build_system.dart:937:9)
<asynchronous suspension>
#21     Future.wait.<anonymous closure> (dart:async/future.dart:567:21)
<asynchronous suspension>
#22     _BuildInstance.invokeTarget (package:flutter_tools/src/build_system/build_system.dart:875:32)
<asynchronous suspension>
#23     Future.wait.<anonymous closure> (dart:async/future.dart:567:21)
<asynchronous suspension>
#24     _BuildInstance.invokeTarget (package:flutter_tools/src/build_system/build_system.dart:875:32)
<asynchronous suspension>
#25     Future.wait.<anonymous closure> (dart:async/future.dart:567:21)
<asynchronous suspension>
#26     _BuildInstance.invokeTarget (package:flutter_tools/src/build_system/build_system.dart:875:32)
<asynchronous suspension>
#27     FlutterBuildSystem.build (package:flutter_tools/src/build_system/build_system.dart:684:16)
<asynchronous suspension>
#28     AssembleCommand.runCommand (package:flutter_tools/src/commands/assemble.dart:369:32)
<asynchronous suspension>
#29     FlutterCommand.run.<anonymous closure> (package:flutter_tools/src/runner/flutter_command.dart:1663:27)
<asynchronous suspension>
#30     AppContext.run.<anonymous closure> (package:flutter_tools/src/base/context.dart:154:19)
<asynchronous suspension>
#31     CommandRunner.runCommand (package:args/command_runner.dart:212:13)
<asynchronous suspension>
#32     FlutterCommandRunner.runCommand.<anonymous closure> (package:flutter_tools/src/runner/flutter_command_runner.dart:496:9)
<asynchronous suspension>
#33     AppContext.run.<anonymous closure> (package:flutter_tools/src/base/context.dart:154:19)
<asynchronous suspension>
#34     FlutterCommandRunner.runCommand (package:flutter_tools/src/runner/flutter_command_runner.dart:431:5)
<asynchronous suspension>
#35     FlutterCommandRunner.run.<anonymous closure> (package:flutter_tools/src/runner/flutter_command_runner.dart:307:33)
<asynchronous suspension>
#36     run.<anonymous closure>.<anonymous closure> (package:flutter_tools/runner.dart:104:11)
<asynchronous suspension>
#37     AppContext.run.<anonymous closure> (package:flutter_tools/src/base/context.dart:154:19)
<asynchronous suspension>
#38     main (package:flutter_tools/executable.dart:103:3)
<asynchronous suspension>
```

## flutter doctor

```
[✓] Flutter (Channel stable, 3.47.2, on Microsoft Windows [Version 10.0.26200.9278], locale ja-JP) [1,125ms]
    • Flutter version 3.47.2 on channel stable at C:\flutter
    • Upstream repository https://github.com/flutter/flutter.git
    • Framework revision d3b14c8769 (8 days ago), 2026-08-26 16:07:51 -0700
    • Engine revision a804b26164
    • Dart version 3.13.2
    • DevTools version 2.60.0
    • Feature flags: enable-web, enable-linux-desktop, enable-macos-desktop, enable-windows-desktop, enable-android, enable-ios, cli-animations, enable-native-assets, enable-record-use, enable-swift-package-manager, omit-legacy-version-file, enable-lldb-debugging, enable-uiscene-migration

[✓] Windows Version (Windows 11 or higher, 25H2, 2009) [5.0s]

[✓] Android toolchain - develop for Android devices (Android SDK version 36.0.0) [5.9s]
    • Android SDK at C:\Users\zka32\AppData\Local\Android\Sdk
    • Emulator version 34.2.16.0 (build_id 12038310) (CL:N/A)
    • Platform android-37.0, build-tools 36.0.0
    • ANDROID_HOME = C:\Users\zka32\AppData\Local\Android\Sdk
    • ANDROID_SDK_ROOT = C:\Users\zka32\AppData\Local\Android\Sdk
    • Java binary at: C:\Program Files\Android\Android Studio\jbr\bin\java
      This is the JDK bundled with the latest Android Studio installation on this machine.
      To manually set the JDK path, use: `flutter config --jdk-dir="path/to/jdk"`.
    • Java version OpenJDK Runtime Environment (build 17.0.11+0--11852314)
    • All Android licenses accepted.

[✓] Chrome - develop for the web [538ms]
    • Chrome at C:\Program Files\Google\Chrome\Application\chrome.exe

[✗] Visual Studio - develop Windows apps [535ms]
    ✗ Visual Studio not installed; this is necessary to develop Windows apps.
      Download at https://visualstudio.microsoft.com/downloads/.
      Please install the "Desktop development with C++" workload, including all of its default components

[✓] Connected device (4 available) [985ms]
    • A401OP (mobile)   • P7YPBIZXE6WKS86H • android-arm64  • Android 15 (API 35)
    • Windows (desktop) • windows          • windows-x64    • Microsoft Windows [Version 10.0.26200.9278]
    • Chrome (web)      • chrome           • web-javascript • Google Chrome 152.0.7977.76
    • Edge (web)        • edge             • web-javascript • Microsoft Edge 151.0.4129.78

[✓] Network resources [912ms]
    • All expected network resources are available.

! Doctor found issues in 1 category.
```
